// Jest Snapshot v1, https://goo.gl/fbAQLP

exports[`AppHeader renders 1`] = `
<header>
  <nav
    className="container"
  >
    <div
      className="title"
    >
      Sample Products
    </div>
    <Connect(CategoryModal) />
    <Connect(ColorModal) />
  </nav>
</header>
`;
